// Jest Snapshot v1, https://goo.gl/fbAQLP

exports[`StudentPreview should match snapshot 1`] = `ShallowWrapper {}`;
