// Jest Snapshot v1, https://goo.gl/fbAQLP

exports[`EventListItem should match snapshot 1`] = `ShallowWrapper {}`;
