// Jest Snapshot v1, https://goo.gl/fbAQLP

exports[`AdminDash should match snapshot 1`] = `<section />`;
