// Jest Snapshot v1, https://goo.gl/fbAQLP

exports[`Header should match snapshot 1`] = `
<div>
  <h1>
     HEADER HEADER HEADER HEADER HEADER
  </h1>
</div>
`;
