// Jest Snapshot v1, https://goo.gl/fbAQLP

exports[`ConfirmAdmin should match snapshot 1`] = `<div />`;
