// Jest Snapshot v1, https://goo.gl/fbAQLP

exports[`CurrentStudents should match snapshot 1`] = `<div />`;
